// Jest Snapshot v1, https://goo.gl/fbAQLP

exports[`<Cell/> render rgb(235, 115, 120) 1`] = `
<div>
  <div
    class="timeline-cells-cell"
    style="background-color: rgb(235, 115, 120);"
  />
</div>
`;
