// Jest Snapshot v1, https://goo.gl/fbAQLP

exports[`<WeekDay/> render Wed) 1`] = `
<div>
  <div
    class="timeline-weekdays-weekday"
  >
    Wed
  </div>
</div>
`;
